---
source: tests/compiler.rs
expression: output
---
CompiledProgram {
    functions: [],
    global_code: [
        LoadLiteral {
            dest: 1,
            src: 0,
        },
        LoadLiteral {
            dest: 2,
            src: 1,
        },
        Copy {
            dest: 1,
            src: 2,
        },
    ],
    global_register_count: 3,
    literals: [
        Integer(
            3,
        ),
        Integer(
            2,
        ),
    ],
}
