---
source: tests/parser.rs
expression: statements
---
[
    Function(
        Function {
            name: "test",
            parameters: [],
            body: Block {
                body: [
                    Let {
                        name: "x",
                        value: FunctionCall {
                            name: "test2",
                            args: [],
                        },
                        is_mutable: false,
                        type_name: None,
                    },
                ],
            },
            return_type_name: None,
        },
    ),
    Function(
        Function {
            name: "test2",
            parameters: [],
            body: Block {
                body: [],
            },
            return_type_name: None,
        },
    ),
]
