---
source: tests/parser.rs
expression: statements
---
[
    Const {
        name: "wow",
        value: Literal(
            Integer(
                3,
            ),
        ),
        type_name: None,
    },
    Function(
        Function {
            name: "main",
            parameters: [
                FunctionParameter {
                    name: "argv",
                    type_name: "string",
                },
            ],
            body: Block {
                body: [
                    Let {
                        name: "x",
                        value: Literal(
                            Integer(
                                2,
                            ),
                        ),
                        is_mutable: false,
                        type_name: None,
                    },
                    Let {
                        name: "y",
                        value: Literal(
                            Boolean(
                                true,
                            ),
                        ),
                        is_mutable: false,
                        type_name: None,
                    },
                    Expression(
                        FunctionCall {
                            name: "print",
                            args: [
                                Literal(
                                    String(
                                        "test",
                                    ),
                                ),
                            ],
                        },
                    ),
                    Expression(
                        FunctionCall {
                            name: "print",
                            args: [
                                Literal(
                                    Float(
                                        1.3,
                                    ),
                                ),
                            ],
                        },
                    ),
                    Expression(
                        FunctionCall {
                            name: "print",
                            args: [
                                Variable(
                                    "x",
                                ),
                            ],
                        },
                    ),
                    Expression(
                        FunctionCall {
                            name: "print",
                            args: [
                                Literal(
                                    Integer(
                                        2,
                                    ),
                                ),
                            ],
                        },
                    ),
                    Expression(
                        FunctionCall {
                            name: "test",
                            args: [],
                        },
                    ),
                ],
            },
            return_type_name: None,
        },
    ),
    Function(
        Function {
            name: "test",
            parameters: [],
            body: Block {
                body: [
                    If {
                        condition: Literal(
                            Boolean(
                                true,
                            ),
                        ),
                        body: Block {
                            body: [],
                        },
                        else_statement: Some(
                            Block {
                                body: [
                                    Expression(
                                        FunctionCall {
                                            name: "print",
                                            args: [
                                                Literal(
                                                    Integer(
                                                        2,
                                                    ),
                                                ),
                                            ],
                                        },
                                    ),
                                ],
                            },
                        ),
                    },
                ],
            },
            return_type_name: None,
        },
    ),
    Function(
        Function {
            name: "new_function",
            parameters: [
                FunctionParameter {
                    name: "arg1",
                    type_name: "int",
                },
                FunctionParameter {
                    name: "arg2",
                    type_name: "int",
                },
                FunctionParameter {
                    name: "arg3",
                    type_name: "int",
                },
            ],
            body: Block {
                body: [
                    Block {
                        body: [
                            Expression(
                                FunctionCall {
                                    name: "test",
                                    args: [],
                                },
                            ),
                        ],
                    },
                ],
            },
            return_type_name: None,
        },
    ),
]
